Configuration on demand is an incubating feature.
Reusing configuration cache.
> Task :common:androidPreBuild UP-TO-DATE
> Task :app:preBuild UP-TO-DATE
> Task :common:checkKotlinGradlePluginConfigurationErrors SKIPPED
> Task :app:checkKotlinGradlePluginConfigurationErrors SKIPPED
> Task :app:preDebugBuild UP-TO-DATE
> Task :common:preAndroidMainBuild UP-TO-DATE
> Task :app:mergeDebugNativeDebugMetadata NO-SOURCE
> Task :app:generateDebugResValues UP-TO-DATE
> Task :app:generateDebugBuildConfig UP-TO-DATE
> Task :common:generateAndroidMainEmptyResourceFiles UP-TO-DATE
> Task :app:generateDebugResources UP-TO-DATE
> Task :app:extractDebugSupportedLocales UP-TO-DATE
> Task :common:writeAndroidMainAarMetadata UP-TO-DATE
> Task :app:mapDebugSourceSetPaths UP-TO-DATE
> Task :app:dataBindingMergeDependencyArtifactsDebug UP-TO-DATE
> Task :app:checkDebugAarMetadata UP-TO-DATE
> Task :app:extractDeepLinksDebug UP-TO-DATE
> Task :app:createDebugCompatibleScreenManifests UP-TO-DATE
> Task :app:javaPreCompileDebug UP-TO-DATE
> Task :common:processAndroidMainManifest UP-TO-DATE
> Task :app:mergeDebugShaders UP-TO-DATE
> Task :common:compileAndroidMain UP-TO-DATE
> Task :app:compileDebugShaders NO-SOURCE
> Task :common:bundleAndroidMainClassesToCompileJar UP-TO-DATE
> Task :app:generateDebugAssets UP-TO-DATE
> Task :common:bundleAndroidMainClassesToRuntimeJar UP-TO-DATE
> Task :app:mergeDebugAssets UP-TO-DATE
> Task :app:compressDebugAssets UP-TO-DATE
> Task :app:processDebugMainManifest UP-TO-DATE
> Task :app:desugarDebugFileDependencies UP-TO-DATE
> Task :app:processDebugManifest UP-TO-DATE
> Task :app:processDebugManifestForPackage UP-TO-DATE
> Task :common:bundleLibRuntimeToDirAndroidMain UP-TO-DATE
> Task :common:processAndroidMainJavaRes UP-TO-DATE
> Task :app:mergeDebugJniLibFolders UP-TO-DATE
> Task :common:mergeAndroidMainJniLibFolders UP-TO-DATE
> Task :common:mergeAndroidMainNativeLibs NO-SOURCE
> Task :common:copyAndroidMainJniLibsProjectOnly UP-TO-DATE
> Task :app:validateSigningDebug UP-TO-DATE
> Task :app:writeDebugAppMetadata UP-TO-DATE
> Task :app:writeDebugSigningConfigVersions UP-TO-DATE
> Task :app:mergeDebugNativeLibs NO-SOURCE
> Task :app:stripDebugDebugSymbols NO-SOURCE
> Task :app:checkDebugDuplicateClasses UP-TO-DATE
> Task :app:mergeLibDexDebug UP-TO-DATE
> Task :app:mergeExtDexDebug UP-TO-DATE
> Task :app:generateDebugLocaleConfig UP-TO-DATE
> Task :app:packageDebugResources UP-TO-DATE
> Task :app:parseDebugLocalResources UP-TO-DATE
> Task :app:mergeDebugResources UP-TO-DATE
> Task :app:processDebugResources UP-TO-DATE
> Task :app:dataBindingGenBaseClassesDebug UP-TO-DATE
> Task :app:kspDebugKotlin UP-TO-DATE

> Task :app:compileDebugKotlin
e: file:///C:/Users/joaom/Documents/GitHub/Music_Hub/app/src/main/java/com/joaomagdaleno/music_hub/di/DI.kt:71:9 Unresolved reference 'viewModel'.
e: file:///C:/Users/joaom/Documents/GitHub/Music_Hub/app/src/main/java/com/joaomagdaleno/music_hub/di/DI.kt:71:21 Cannot infer type for this parameter. Specify it explicitly.
e: file:///C:/Users/joaom/Documents/GitHub/Music_Hub/app/src/main/java/com/joaomagdaleno/music_hub/di/DI.kt:71:21 Function 'component1()' is ambiguous for this expression: 
fun <T> Array<out T>.component1(): T
fun ByteArray.component1(): Byte
fun ShortArray.component1(): Short
fun IntArray.component1(): Int
fun LongArray.component1(): Long
fun FloatArray.component1(): Float
fun DoubleArray.component1(): Double
fun BooleanArray.component1(): Boolean
fun CharArray.component1(): Char
fun <T> List<T>.component1(): T
fun <K, V> Map.Entry<K, V>.component1(): K
fun UIntArray.component1(): UInt
fun ULongArray.component1(): ULong
fun UByteArray.component1(): UByte
fun UShortArray.component1(): UShort.
e: file:///C:/Users/joaom/Documents/GitHub/Music_Hub/app/src/main/java/com/joaomagdaleno/music_hub/di/DI.kt:71:21 Function 'component2()' is ambiguous for this expression: 
fun <T> Array<out T>.component2(): T
fun ByteArray.component2(): Byte
fun ShortArray.component2(): Short
fun IntArray.component2(): Int
fun LongArray.component2(): Long
fun FloatArray.component2(): Float
fun DoubleArray.component2(): Double
fun BooleanArray.component2(): Boolean
fun CharArray.component2(): Char
fun <T> List<T>.component2(): T
fun <K, V> Map.Entry<K, V>.component2(): V
fun UIntArray.component2(): UInt
fun ULongArray.component2(): ULong
fun UByteArray.component2(): UByte
fun UShortArray.component2(): UShort.
e: file:///C:/Users/joaom/Documents/GitHub/Music_Hub/app/src/main/java/com/joaomagdaleno/music_hub/di/DI.kt:71:21 Function 'component3()' is ambiguous for this expression: 
fun <T> Array<out T>.component3(): T
fun ByteArray.component3(): Byte
fun ShortArray.component3(): Short
fun IntArray.component3(): Int
fun LongArray.component3(): Long
fun FloatArray.component3(): Float
fun DoubleArray.component3(): Double
fun BooleanArray.component3(): Boolean
fun CharArray.component3(): Char
fun <T> List<T>.component3(): T
fun UIntArray.component3(): UInt
fun ULongArray.component3(): ULong
fun UByteArray.component3(): UByte
fun UShortArray.component3(): UShort.
e: file:///C:/Users/joaom/Documents/GitHub/Music_Hub/app/src/main/java/com/joaomagdaleno/music_hub/di/DI.kt:71:21 Function 'component4()' is ambiguous for this expression: 
fun <T> Array<out T>.component4(): T
fun ByteArray.component4(): Byte
fun ShortArray.component4(): Short
fun IntArray.component4(): Int
fun LongArray.component4(): Long
fun FloatArray.component4(): Float
fun DoubleArray.component4(): Double
fun BooleanArray.component4(): Boolean
fun CharArray.component4(): Char
fun <T> List<T>.component4(): T
fun UIntArray.component4(): UInt
fun ULongArray.component4(): ULong
fun UByteArray.component4(): UByte
fun UShortArray.component4(): UShort.
e: file:///C:/Users/joaom/Documents/GitHub/Music_Hub/app/src/main/java/com/joaomagdaleno/music_hub/di/DI.kt:71:69 Unresolved reference 'EchoMediaItem'.
e: file:///C:/Users/joaom/Documents/GitHub/Music_Hub/app/src/main/java/com/joaomagdaleno/music_hub/di/DI.kt:72:28 Unresolved reference 'get'.
e: file:///C:/Users/joaom/Documents/GitHub/Music_Hub/app/src/main/java/com/joaomagdaleno/music_hub/di/DI.kt:72:35 Unresolved reference 'get'.
e: file:///C:/Users/joaom/Documents/GitHub/Music_Hub/app/src/main/java/com/joaomagdaleno/music_hub/di/DI.kt:72:42 Unresolved reference 'get'.
e: file:///C:/Users/joaom/Documents/GitHub/Music_Hub/app/src/main/java/com/joaomagdaleno/music_hub/extensions/builtin/unified/UnifiedDatabase.kt:23:68 Syntax error: imports are only allowed in the beginning of file.
e: file:///C:/Users/joaom/Documents/GitHub/Music_Hub/app/src/main/java/com/joaomagdaleno/music_hub/extensions/builtin/unified/UnifiedDatabase.kt:57:30 Unresolved reference 'toEntity'.
e: file:///C:/Users/joaom/Documents/GitHub/Music_Hub/app/src/main/java/com/joaomagdaleno/music_hub/extensions/builtin/unified/UnifiedDatabase.kt:61:30 Unresolved reference 'toEntity'.
e: file:///C:/Users/joaom/Documents/GitHub/Music_Hub/app/src/main/java/com/joaomagdaleno/music_hub/extensions/builtin/unified/UnifiedDatabase.kt:111:37 Unresolved reference 'toEntity'.
e: file:///C:/Users/joaom/Documents/GitHub/Music_Hub/app/src/main/java/com/joaomagdaleno/music_hub/extensions/builtin/unified/UnifiedDatabase.kt:115:31 Unresolved reference 'toEntity'.
e: file:///C:/Users/joaom/Documents/GitHub/Music_Hub/app/src/main/java/com/joaomagdaleno/music_hub/extensions/builtin/unified/UnifiedDatabase.kt:121:31 Unresolved reference 'toEntity'.
e: file:///C:/Users/joaom/Documents/GitHub/Music_Hub/app/src/main/java/com/joaomagdaleno/music_hub/extensions/builtin/unified/UnifiedDatabase.kt:128:47 Unresolved reference 'toEntity'.
e: file:///C:/Users/joaom/Documents/GitHub/Music_Hub/app/src/main/java/com/joaomagdaleno/music_hub/extensions/builtin/unified/UnifiedDatabase.kt:129:43 Unresolved reference 'id'.
e: file:///C:/Users/joaom/Documents/GitHub/Music_Hub/app/src/main/java/com/joaomagdaleno/music_hub/extensions/builtin/unified/UnifiedDatabase.kt:133:23 Unresolved reference 'playlist'.
e: file:///C:/Users/joaom/Documents/GitHub/Music_Hub/app/src/main/java/com/joaomagdaleno/music_hub/extensions/builtin/unified/UnifiedDatabase.kt:140:47 Unresolved reference 'toEntity'.
e: file:///C:/Users/joaom/Documents/GitHub/Music_Hub/app/src/main/java/com/joaomagdaleno/music_hub/extensions/builtin/unified/UnifiedDatabase.kt:141:43 Unresolved reference 'id'.
e: file:///C:/Users/joaom/Documents/GitHub/Music_Hub/app/src/main/java/com/joaomagdaleno/music_hub/extensions/builtin/unified/UnifiedDatabase.kt:143:23 Unresolved reference 'list'.
e: file:///C:/Users/joaom/Documents/GitHub/Music_Hub/app/src/main/java/com/joaomagdaleno/music_hub/extensions/builtin/unified/UnifiedDatabase.kt:143:41 Unresolved reference 'it'.
e: file:///C:/Users/joaom/Documents/GitHub/Music_Hub/app/src/main/java/com/joaomagdaleno/music_hub/extensions/builtin/unified/UnifiedDatabase.kt:150:47 Unresolved reference 'toEntity'.
e: file:///C:/Users/joaom/Documents/GitHub/Music_Hub/app/src/main/java/com/joaomagdaleno/music_hub/extensions/builtin/unified/UnifiedDatabase.kt:153:27 Unresolved reference 'id'.
e: file:///C:/Users/joaom/Documents/GitHub/Music_Hub/app/src/main/java/com/joaomagdaleno/music_hub/extensions/builtin/unified/UnifiedDatabase.kt:157:32 Unresolved reference 'copy'.
e: file:///C:/Users/joaom/Documents/GitHub/Music_Hub/app/src/main/java/com/joaomagdaleno/music_hub/extensions/builtin/unified/UnifiedDatabase.kt:158:31 Unresolved reference 'list'.
e: file:///C:/Users/joaom/Documents/GitHub/Music_Hub/app/src/main/java/com/joaomagdaleno/music_hub/extensions/builtin/unified/UnifiedDatabase.kt:158:52 Cannot infer type for this parameter. Specify it explicitly.
e: file:///C:/Users/joaom/Documents/GitHub/Music_Hub/app/src/main/java/com/joaomagdaleno/music_hub/extensions/builtin/unified/UnifiedDatabase.kt:158:52 Unresolved reference. None of the following candidates is applicable because of a receiver type mismatch:
fun <T> T.apply(block: T.() -> Unit): T
    [R|Contract description]
     <
        CallsInPlace(block, EXACTLY_ONCE)
    >
e: file:///C:/Users/joaom/Documents/GitHub/Music_Hub/app/src/main/java/com/joaomagdaleno/music_hub/extensions/builtin/unified/UnifiedDatabase.kt:158:58 Cannot infer type for this parameter. Specify it explicitly.
e: file:///C:/Users/joaom/Documents/GitHub/Music_Hub/app/src/main/java/com/joaomagdaleno/music_hub/extensions/builtin/unified/UnifiedDatabase.kt:160:15 Cannot infer type for this parameter. Specify it explicitly.
e: file:///C:/Users/joaom/Documents/GitHub/Music_Hub/app/src/main/java/com/joaomagdaleno/music_hub/extensions/builtin/unified/UnifiedDatabase.kt:160:15 Not enough information to infer type argument for 'T'.
e: file:///C:/Users/joaom/Documents/GitHub/Music_Hub/app/src/main/java/com/joaomagdaleno/music_hub/extensions/builtin/unified/UnifiedDatabase.kt:168:32 Cannot infer type for this parameter. Specify it explicitly.
e: file:///C:/Users/joaom/Documents/GitHub/Music_Hub/app/src/main/java/com/joaomagdaleno/music_hub/extensions/builtin/unified/UnifiedDatabase.kt:168:49 Unresolved reference 'toTrackEntity'.
e: file:///C:/Users/joaom/Documents/GitHub/Music_Hub/app/src/main/java/com/joaomagdaleno/music_hub/extensions/builtin/unified/UnifiedDatabase.kt:169:18 Cannot infer type for this parameter. Specify it explicitly.
e: file:///C:/Users/joaom/Documents/GitHub/Music_Hub/app/src/main/java/com/joaomagdaleno/music_hub/extensions/builtin/unified/UnifiedDatabase.kt:169:18 Not enough information to infer type argument for 'T'.
e: file:///C:/Users/joaom/Documents/GitHub/Music_Hub/app/src/main/java/com/joaomagdaleno/music_hub/extensions/builtin/unified/UnifiedDatabase.kt:169:26 Cannot infer type for this parameter. Specify it explicitly.
e: file:///C:/Users/joaom/Documents/GitHub/Music_Hub/app/src/main/java/com/joaomagdaleno/music_hub/extensions/builtin/unified/UnifiedDatabase.kt:170:47 Unresolved reference 'toEntity'.
e: file:///C:/Users/joaom/Documents/GitHub/Music_Hub/app/src/main/java/com/joaomagdaleno/music_hub/extensions/builtin/unified/UnifiedDatabase.kt:171:32 Unresolved reference 'copy'.
e: file:///C:/Users/joaom/Documents/GitHub/Music_Hub/app/src/main/java/com/joaomagdaleno/music_hub/extensions/builtin/unified/UnifiedDatabase.kt:172:31 Unresolved reference 'list'.
e: file:///C:/Users/joaom/Documents/GitHub/Music_Hub/app/src/main/java/com/joaomagdaleno/music_hub/extensions/builtin/unified/UnifiedDatabase.kt:172:52 Cannot infer type for this parameter. Specify it explicitly.
e: file:///C:/Users/joaom/Documents/GitHub/Music_Hub/app/src/main/java/com/joaomagdaleno/music_hub/extensions/builtin/unified/UnifiedDatabase.kt:172:52 Unresolved reference. None of the following candidates is applicable because of a receiver type mismatch:
fun <T> T.apply(block: T.() -> Unit): T
    [R|Contract description]
     <
        CallsInPlace(block, EXACTLY_ONCE)
    >
e: file:///C:/Users/joaom/Documents/GitHub/Music_Hub/app/src/main/java/com/joaomagdaleno/music_hub/extensions/builtin/unified/UnifiedDatabase.kt:172:58 Cannot infer type for this parameter. Specify it explicitly.
e: file:///C:/Users/joaom/Documents/GitHub/Music_Hub/app/src/main/java/com/joaomagdaleno/music_hub/extensions/builtin/unified/UnifiedDatabase.kt:173:26 Cannot infer type for this parameter. Specify it explicitly.
e: file:///C:/Users/joaom/Documents/GitHub/Music_Hub/app/src/main/java/com/joaomagdaleno/music_hub/extensions/builtin/unified/UnifiedDatabase.kt:173:26 Not enough information to infer type argument for 'T'.
e: file:///C:/Users/joaom/Documents/GitHub/Music_Hub/app/src/main/java/com/joaomagdaleno/music_hub/extensions/builtin/unified/UnifiedDatabase.kt:173:34 Cannot infer type for this parameter. Specify it explicitly.
e: file:///C:/Users/joaom/Documents/GitHub/Music_Hub/app/src/main/java/com/joaomagdaleno/music_hub/extensions/builtin/unified/UnifiedDatabase.kt:174:44 Unresolved reference 'eid'.
e: file:///C:/Users/joaom/Documents/GitHub/Music_Hub/app/src/main/java/com/joaomagdaleno/music_hub/extensions/builtin/unified/UnifiedDatabase.kt:175:38 Unresolved reference 'removeAt'.
e: file:///C:/Users/joaom/Documents/GitHub/Music_Hub/app/src/main/java/com/joaomagdaleno/music_hub/extensions/builtin/unified/UnifiedDatabase.kt:177:15 Cannot infer type for this parameter. Specify it explicitly.
e: file:///C:/Users/joaom/Documents/GitHub/Music_Hub/app/src/main/java/com/joaomagdaleno/music_hub/extensions/builtin/unified/UnifiedDatabase.kt:177:15 Not enough information to infer type argument for 'T'.
e: file:///C:/Users/joaom/Documents/GitHub/Music_Hub/app/src/main/java/com/joaomagdaleno/music_hub/extensions/builtin/unified/UnifiedDatabase.kt:183:47 Unresolved reference 'toEntity'.
e: file:///C:/Users/joaom/Documents/GitHub/Music_Hub/app/src/main/java/com/joaomagdaleno/music_hub/extensions/builtin/unified/UnifiedDatabase.kt:184:32 Unresolved reference 'copy'.
e: file:///C:/Users/joaom/Documents/GitHub/Music_Hub/app/src/main/java/com/joaomagdaleno/music_hub/extensions/builtin/unified/UnifiedDatabase.kt:185:31 Unresolved reference 'list'.
e: file:///C:/Users/joaom/Documents/GitHub/Music_Hub/app/src/main/java/com/joaomagdaleno/music_hub/extensions/builtin/unified/UnifiedDatabase.kt:185:52 Cannot infer type for this parameter. Specify it explicitly.
e: file:///C:/Users/joaom/Documents/GitHub/Music_Hub/app/src/main/java/com/joaomagdaleno/music_hub/extensions/builtin/unified/UnifiedDatabase.kt:185:52 Unresolved reference. None of the following candidates is applicable because of a receiver type mismatch:
fun <T> T.apply(block: T.() -> Unit): T
    [R|Contract description]
     <
        CallsInPlace(block, EXACTLY_ONCE)
    >
e: file:///C:/Users/joaom/Documents/GitHub/Music_Hub/app/src/main/java/com/joaomagdaleno/music_hub/extensions/builtin/unified/UnifiedDatabase.kt:185:58 Cannot infer type for this parameter. Specify it explicitly.
e: file:///C:/Users/joaom/Documents/GitHub/Music_Hub/app/src/main/java/com/joaomagdaleno/music_hub/extensions/builtin/unified/UnifiedDatabase.kt:186:17 Unresolved reference 'add'.
e: file:///C:/Users/joaom/Documents/GitHub/Music_Hub/app/src/main/java/com/joaomagdaleno/music_hub/extensions/builtin/unified/UnifiedDatabase.kt:186:30 Unresolved reference 'removeAt'.
e: file:///C:/Users/joaom/Documents/GitHub/Music_Hub/app/src/main/java/com/joaomagdaleno/music_hub/extensions/builtin/unified/UnifiedDatabase.kt:187:15 Cannot infer type for this parameter. Specify it explicitly.
e: file:///C:/Users/joaom/Documents/GitHub/Music_Hub/app/src/main/java/com/joaomagdaleno/music_hub/extensions/builtin/unified/UnifiedDatabase.kt:187:15 Not enough information to infer type argument for 'T'.
e: file:///C:/Users/joaom/Documents/GitHub/Music_Hub/app/src/main/java/com/joaomagdaleno/music_hub/extensions/cache/Cached.kt:37:63 Unresolved reference 'UnifiedExtension'.
e: file:///C:/Users/joaom/Documents/GitHub/Music_Hub/app/src/main/java/com/joaomagdaleno/music_hub/playback/source/StreamableMediaSource.kt:88:40 Cannot access 'fun <E> List<E>.select(app: App, settings: SharedPreferences, quality: (E) -> Int, default: String = ...): E?': it is private in 'com/joaomagdaleno/music_hub/playback/PlayerService.Companion'.
e: file:///C:/Users/joaom/Documents/GitHub/Music_Hub/app/src/main/java/com/joaomagdaleno/music_hub/playback/source/StreamableMediaSource.kt:88:71 Unresolved reference 'it'.
e: file:///C:/Users/joaom/Documents/GitHub/Music_Hub/app/src/main/java/com/joaomagdaleno/music_hub/playback/source/StreamableMediaSource.kt:91:36 Argument type mismatch: actual type is 'Streamable.Source?', but 'Streamable.Source' was expected.
e: file:///C:/Users/joaom/Documents/GitHub/Music_Hub/app/src/main/java/com/joaomagdaleno/music_hub/ui/download/DownloadFragment.kt:58:13 Type mismatch: inferred type is 'Feed<Shelf.Lists.Items>', but 'Feed<Shelf>' was expected.
e: file:///C:/Users/joaom/Documents/GitHub/Music_Hub/app/src/main/java/com/joaomagdaleno/music_hub/ui/feed/FeedFragment.kt:21:39 Unresolved reference 'extensions'.
e: file:///C:/Users/joaom/Documents/GitHub/Music_Hub/app/src/main/java/com/joaomagdaleno/music_hub/ui/feed/FeedFragment.kt:63:52 Unresolved reference 'toFeed'.
e: file:///C:/Users/joaom/Documents/GitHub/Music_Hub/app/src/main/java/com/joaomagdaleno/music_hub/ui/feed/FeedFragment.kt:72:17 Unresolved reference 'bind'.
e: file:///C:/Users/joaom/Documents/GitHub/Music_Hub/app/src/main/java/com/joaomagdaleno/music_hub/ui/feed/FeedLoadingAdapter.kt:15:61 Unresolved reference 'openLoginException'.
e: file:///C:/Users/joaom/Documents/GitHub/Music_Hub/app/src/main/java/com/joaomagdaleno/music_hub/ui/feed/FeedLoadingAdapter.kt:139:39 Unresolved reference 'openLoginException'.
e: file:///C:/Users/joaom/Documents/GitHub/Music_Hub/app/src/main/java/com/joaomagdaleno/music_hub/ui/feed/FeedType.kt:7:63 Unresolved reference 'UnifiedExtension'.
e: file:///C:/Users/joaom/Documents/GitHub/Music_Hub/app/src/main/java/com/joaomagdaleno/music_hub/ui/main/HomeFragment.kt:38:38 Unresolved reference 'toFeed'.
e: file:///C:/Users/joaom/Documents/GitHub/Music_Hub/app/src/main/java/com/joaomagdaleno/music_hub/ui/main/LibraryFragment.kt:44:41 Unresolved reference 'toFeed'.
e: file:///C:/Users/joaom/Documents/GitHub/Music_Hub/app/src/main/java/com/joaomagdaleno/music_hub/ui/main/search/SearchFragment.kt:56:67 Unresolved reference 'toFeed'.
e: file:///C:/Users/joaom/Documents/GitHub/Music_Hub/app/src/main/java/com/joaomagdaleno/music_hub/ui/main/search/SearchFragment.kt:70:42 Unresolved reference 'toFeed'.
e: file:///C:/Users/joaom/Documents/GitHub/Music_Hub/app/src/main/java/com/joaomagdaleno/music_hub/ui/media/MediaDetailsFragment.kt:49:57 Unresolved reference 'getOrThrow'.
e: file:///C:/Users/joaom/Documents/GitHub/Music_Hub/app/src/main/java/com/joaomagdaleno/music_hub/ui/media/MediaDetailsFragment.kt:50:58 Unresolved reference 'getOrThrow'.
e: file:///C:/Users/joaom/Documents/GitHub/Music_Hub/app/src/main/java/com/joaomagdaleno/music_hub/ui/media/MediaDetailsFragment.kt:60:56 Unresolved reference 'getOrThrow'.
e: file:///C:/Users/joaom/Documents/GitHub/Music_Hub/app/src/main/java/com/joaomagdaleno/music_hub/ui/media/MediaDetailsFragment.kt:61:56 Unresolved reference 'getOrThrow'.
e: file:///C:/Users/joaom/Documents/GitHub/Music_Hub/app/src/main/java/com/joaomagdaleno/music_hub/ui/media/MediaViewModel.kt:43:58 No value passed for parameter 'isFollowed'.
e: file:///C:/Users/joaom/Documents/GitHub/Music_Hub/app/src/main/java/com/joaomagdaleno/music_hub/ui/media/MediaViewModel.kt:43:58 No value passed for parameter 'followers'.
e: file:///C:/Users/joaom/Documents/GitHub/Music_Hub/app/src/main/java/com/joaomagdaleno/music_hub/ui/media/MediaViewModel.kt:43:58 No value passed for parameter 'isSaved'.
e: file:///C:/Users/joaom/Documents/GitHub/Music_Hub/app/src/main/java/com/joaomagdaleno/music_hub/ui/media/MediaViewModel.kt:43:58 No value passed for parameter 'isLiked'.
e: file:///C:/Users/joaom/Documents/GitHub/Music_Hub/app/src/main/java/com/joaomagdaleno/music_hub/ui/media/MediaViewModel.kt:43:58 No value passed for parameter 'isHidden'.
e: file:///C:/Users/joaom/Documents/GitHub/Music_Hub/app/src/main/java/com/joaomagdaleno/music_hub/ui/media/MediaViewModel.kt:43:58 No value passed for parameter 'showRadio'.
e: file:///C:/Users/joaom/Documents/GitHub/Music_Hub/app/src/main/java/com/joaomagdaleno/music_hub/ui/media/MediaViewModel.kt:43:58 No value passed for parameter 'showShare'.
e: file:///C:/Users/joaom/Documents/GitHub/Music_Hub/app/src/main/java/com/joaomagdaleno/music_hub/ui/media/more/MediaMoreBottomSheet.kt:107:29 Unresolved reference 'extensionFlow'.
e: file:///C:/Users/joaom/Documents/GitHub/Music_Hub/app/src/main/java/com/joaomagdaleno/music_hub/ui/player/more/info/TrackInfoViewModel.kt:43:83 No value passed for parameter 'isFollowed'.
e: file:///C:/Users/joaom/Documents/GitHub/Music_Hub/app/src/main/java/com/joaomagdaleno/music_hub/ui/player/more/info/TrackInfoViewModel.kt:43:83 No value passed for parameter 'followers'.
e: file:///C:/Users/joaom/Documents/GitHub/Music_Hub/app/src/main/java/com/joaomagdaleno/music_hub/ui/player/more/info/TrackInfoViewModel.kt:43:83 No value passed for parameter 'isSaved'.
e: file:///C:/Users/joaom/Documents/GitHub/Music_Hub/app/src/main/java/com/joaomagdaleno/music_hub/ui/player/more/info/TrackInfoViewModel.kt:43:83 No value passed for parameter 'isLiked'.
e: file:///C:/Users/joaom/Documents/GitHub/Music_Hub/app/src/main/java/com/joaomagdaleno/music_hub/ui/player/more/info/TrackInfoViewModel.kt:43:83 No value passed for parameter 'isHidden'.
e: file:///C:/Users/joaom/Documents/GitHub/Music_Hub/app/src/main/java/com/joaomagdaleno/music_hub/ui/player/more/info/TrackInfoViewModel.kt:43:83 No value passed for parameter 'showRadio'.
e: file:///C:/Users/joaom/Documents/GitHub/Music_Hub/app/src/main/java/com/joaomagdaleno/music_hub/ui/player/more/info/TrackInfoViewModel.kt:43:83 No value passed for parameter 'showShare'.
e: file:///C:/Users/joaom/Documents/GitHub/Music_Hub/app/src/main/java/com/joaomagdaleno/music_hub/ui/player/more/lyrics/LyricsViewModel.kt:26:42 Unresolved reference 'Tab'.
e: file:///C:/Users/joaom/Documents/GitHub/Music_Hub/app/src/main/java/com/joaomagdaleno/music_hub/ui/player/more/lyrics/LyricsViewModel.kt:26:48 Cannot infer type for this parameter. Specify it explicitly.
e: file:///C:/Users/joaom/Documents/GitHub/Music_Hub/app/src/main/java/com/joaomagdaleno/music_hub/ui/player/more/lyrics/LyricsViewModel.kt:26:48 Argument type mismatch: actual type is 'List<uninferred T (of fun <T> emptyList)>', but 'List<ERROR CLASS: Symbol not found for Tab>' was expected.

> Task :app:compileDebugKotlin FAILED

FAILURE: Build failed with an exception.

* What went wrong:
Execution failed for task ':app:compileDebugKotlin'.
> A failure occurred while executing org.jetbrains.kotlin.compilerRunner.GradleCompilerRunnerWithWorkers$GradleKotlinCompilerWorkAction
   > Compilation error. See log for more details

* Try:
> Run with --stacktrace option to get the stack trace.
> Run with --info or --debug option to get more log output.
> Run with --scan to generate a Build Scan (Powered by Develocity).
> Get more help at https://help.gradle.org.

BUILD FAILED in 28s
42 actionable tasks: 1 executed, 41 up-to-date
Configuration cache entry reused.
